
> frontend@0.1.0 build
> next build

Γû▓ Next.js 16.1.6 (Turbopack)

  Creating an optimized production build ...
Γ£ô Compiled successfully in 2.4s
  Running TypeScript ...
  Collecting page data using 15 workers ...
  Generating static pages using 15 workers (0/11) ...
  Generating static pages using 15 workers (2/11) 
  Generating static pages using 15 workers (5/11) 
  Generating static pages using 15 workers (8/11) 
Γ£ô Generating static pages using 15 workers (11/11) in 734.4ms
  Finalizing page optimization ...

Route (app)
Γöî Γùï /
Γö£ Γùï /_not-found
Γö£ Γùï /agents
Γö£ Γùï /email-designer
Γö£ ╞Æ /intel/[id]
Γö£ Γùï /ledger
Γö£ Γùï /login
Γö£ Γùï /settings
Γö£ Γùï /signup
Γöö Γùï /upload


Γùï  (Static)   prerendered as static content
╞Æ  (Dynamic)  server-rendered on demand

