python : E:\AgenticSystem\Leadai\Sales-Multi-Agent-A
I\backend\api\leads.py:27: 
FastAPIDeprecationWarning: `regex` has been 
deprecated, please use `pattern` instead
At line:1 char:1
+ python test_endpoint.py > test_output.txt 2>&1
+ ~~~~~~~~~~~~~~~~~~~~~~~~~~~~~~~~~~~~~~~~~~~~~~
    + CategoryInfo          : NotSpecified: (E:\Age 
   nticSyste...attern` instead:String) [], RemoteE  
  xception
    + FullyQualifiedErrorId : NativeCommandError
 
  sort_dir: str = Query("asc", 
regex="^(asc|desc)$"),
Traceback (most recent call last):
  File "E:\AgenticSystem\Leadai\Sales-Multi-Agent-AI
\test_endpoint.py", line 10, in <module>
    from api.templates import render_blocks_to_html
ImportError: cannot import name 
'render_blocks_to_html' from 'api.templates' (E:\Age
nticSystem\Leadai\Sales-Multi-Agent-AI\backend\api\t
emplates.py)
